// Jest Snapshot v1, https://goo.gl/fbAQLP

exports[`Marp math option injects KaTeX css with replacing web font URL to CDN: katex-css-cdn 1`] = `
Array [
  "url('https://cdn.jsdelivr.net/npm/katex@0.10.0/dist/fonts/KaTeX_AMS-Regular.woff2') format(\\"woff2\\"), url('https://cdn.jsdelivr.net/npm/katex@0.10.0/dist/fonts/KaTeX_AMS-Regular.woff') format(\\"woff\\"), url('https://cdn.jsdelivr.net/npm/katex@0.10.0/dist/fonts/KaTeX_AMS-Regular.ttf') format(\\"truetype\\")",
  "url('https://cdn.jsdelivr.net/npm/katex@0.10.0/dist/fonts/KaTeX_Caligraphic-Bold.woff2') format(\\"woff2\\"), url('https://cdn.jsdelivr.net/npm/katex@0.10.0/dist/fonts/KaTeX_Caligraphic-Bold.woff') format(\\"woff\\"), url('https://cdn.jsdelivr.net/npm/katex@0.10.0/dist/fonts/KaTeX_Caligraphic-Bold.ttf') format(\\"truetype\\")",
  "url('https://cdn.jsdelivr.net/npm/katex@0.10.0/dist/fonts/KaTeX_Caligraphic-Regular.woff2') format(\\"woff2\\"), url('https://cdn.jsdelivr.net/npm/katex@0.10.0/dist/fonts/KaTeX_Caligraphic-Regular.woff') format(\\"woff\\"), url('https://cdn.jsdelivr.net/npm/katex@0.10.0/dist/fonts/KaTeX_Caligraphic-Regular.ttf') format(\\"truetype\\")",
  "url('https://cdn.jsdelivr.net/npm/katex@0.10.0/dist/fonts/KaTeX_Fraktur-Bold.woff2') format(\\"woff2\\"), url('https://cdn.jsdelivr.net/npm/katex@0.10.0/dist/fonts/KaTeX_Fraktur-Bold.woff') format(\\"woff\\"), url('https://cdn.jsdelivr.net/npm/katex@0.10.0/dist/fonts/KaTeX_Fraktur-Bold.ttf') format(\\"truetype\\")",
  "url('https://cdn.jsdelivr.net/npm/katex@0.10.0/dist/fonts/KaTeX_Fraktur-Regular.woff2') format(\\"woff2\\"), url('https://cdn.jsdelivr.net/npm/katex@0.10.0/dist/fonts/KaTeX_Fraktur-Regular.woff') format(\\"woff\\"), url('https://cdn.jsdelivr.net/npm/katex@0.10.0/dist/fonts/KaTeX_Fraktur-Regular.ttf') format(\\"truetype\\")",
  "url('https://cdn.jsdelivr.net/npm/katex@0.10.0/dist/fonts/KaTeX_Main-Bold.woff2') format(\\"woff2\\"), url('https://cdn.jsdelivr.net/npm/katex@0.10.0/dist/fonts/KaTeX_Main-Bold.woff') format(\\"woff\\"), url('https://cdn.jsdelivr.net/npm/katex@0.10.0/dist/fonts/KaTeX_Main-Bold.ttf') format(\\"truetype\\")",
  "url('https://cdn.jsdelivr.net/npm/katex@0.10.0/dist/fonts/KaTeX_Main-BoldItalic.woff2') format(\\"woff2\\"), url('https://cdn.jsdelivr.net/npm/katex@0.10.0/dist/fonts/KaTeX_Main-BoldItalic.woff') format(\\"woff\\"), url('https://cdn.jsdelivr.net/npm/katex@0.10.0/dist/fonts/KaTeX_Main-BoldItalic.ttf') format(\\"truetype\\")",
  "url('https://cdn.jsdelivr.net/npm/katex@0.10.0/dist/fonts/KaTeX_Main-Italic.woff2') format(\\"woff2\\"), url('https://cdn.jsdelivr.net/npm/katex@0.10.0/dist/fonts/KaTeX_Main-Italic.woff') format(\\"woff\\"), url('https://cdn.jsdelivr.net/npm/katex@0.10.0/dist/fonts/KaTeX_Main-Italic.ttf') format(\\"truetype\\")",
  "url('https://cdn.jsdelivr.net/npm/katex@0.10.0/dist/fonts/KaTeX_Main-Regular.woff2') format(\\"woff2\\"), url('https://cdn.jsdelivr.net/npm/katex@0.10.0/dist/fonts/KaTeX_Main-Regular.woff') format(\\"woff\\"), url('https://cdn.jsdelivr.net/npm/katex@0.10.0/dist/fonts/KaTeX_Main-Regular.ttf') format(\\"truetype\\")",
  "url('https://cdn.jsdelivr.net/npm/katex@0.10.0/dist/fonts/KaTeX_Math-BoldItalic.woff2') format(\\"woff2\\"), url('https://cdn.jsdelivr.net/npm/katex@0.10.0/dist/fonts/KaTeX_Math-BoldItalic.woff') format(\\"woff\\"), url('https://cdn.jsdelivr.net/npm/katex@0.10.0/dist/fonts/KaTeX_Math-BoldItalic.ttf') format(\\"truetype\\")",
  "url('https://cdn.jsdelivr.net/npm/katex@0.10.0/dist/fonts/KaTeX_Math-Italic.woff2') format(\\"woff2\\"), url('https://cdn.jsdelivr.net/npm/katex@0.10.0/dist/fonts/KaTeX_Math-Italic.woff') format(\\"woff\\"), url('https://cdn.jsdelivr.net/npm/katex@0.10.0/dist/fonts/KaTeX_Math-Italic.ttf') format(\\"truetype\\")",
  "url('https://cdn.jsdelivr.net/npm/katex@0.10.0/dist/fonts/KaTeX_SansSerif-Bold.woff2') format(\\"woff2\\"), url('https://cdn.jsdelivr.net/npm/katex@0.10.0/dist/fonts/KaTeX_SansSerif-Bold.woff') format(\\"woff\\"), url('https://cdn.jsdelivr.net/npm/katex@0.10.0/dist/fonts/KaTeX_SansSerif-Bold.ttf') format(\\"truetype\\")",
  "url('https://cdn.jsdelivr.net/npm/katex@0.10.0/dist/fonts/KaTeX_SansSerif-Italic.woff2') format(\\"woff2\\"), url('https://cdn.jsdelivr.net/npm/katex@0.10.0/dist/fonts/KaTeX_SansSerif-Italic.woff') format(\\"woff\\"), url('https://cdn.jsdelivr.net/npm/katex@0.10.0/dist/fonts/KaTeX_SansSerif-Italic.ttf') format(\\"truetype\\")",
  "url('https://cdn.jsdelivr.net/npm/katex@0.10.0/dist/fonts/KaTeX_SansSerif-Regular.woff2') format(\\"woff2\\"), url('https://cdn.jsdelivr.net/npm/katex@0.10.0/dist/fonts/KaTeX_SansSerif-Regular.woff') format(\\"woff\\"), url('https://cdn.jsdelivr.net/npm/katex@0.10.0/dist/fonts/KaTeX_SansSerif-Regular.ttf') format(\\"truetype\\")",
  "url('https://cdn.jsdelivr.net/npm/katex@0.10.0/dist/fonts/KaTeX_Script-Regular.woff2') format(\\"woff2\\"), url('https://cdn.jsdelivr.net/npm/katex@0.10.0/dist/fonts/KaTeX_Script-Regular.woff') format(\\"woff\\"), url('https://cdn.jsdelivr.net/npm/katex@0.10.0/dist/fonts/KaTeX_Script-Regular.ttf') format(\\"truetype\\")",
  "url('https://cdn.jsdelivr.net/npm/katex@0.10.0/dist/fonts/KaTeX_Size1-Regular.woff2') format(\\"woff2\\"), url('https://cdn.jsdelivr.net/npm/katex@0.10.0/dist/fonts/KaTeX_Size1-Regular.woff') format(\\"woff\\"), url('https://cdn.jsdelivr.net/npm/katex@0.10.0/dist/fonts/KaTeX_Size1-Regular.ttf') format(\\"truetype\\")",
  "url('https://cdn.jsdelivr.net/npm/katex@0.10.0/dist/fonts/KaTeX_Size2-Regular.woff2') format(\\"woff2\\"), url('https://cdn.jsdelivr.net/npm/katex@0.10.0/dist/fonts/KaTeX_Size2-Regular.woff') format(\\"woff\\"), url('https://cdn.jsdelivr.net/npm/katex@0.10.0/dist/fonts/KaTeX_Size2-Regular.ttf') format(\\"truetype\\")",
  "url('https://cdn.jsdelivr.net/npm/katex@0.10.0/dist/fonts/KaTeX_Size3-Regular.woff2') format(\\"woff2\\"), url('https://cdn.jsdelivr.net/npm/katex@0.10.0/dist/fonts/KaTeX_Size3-Regular.woff') format(\\"woff\\"), url('https://cdn.jsdelivr.net/npm/katex@0.10.0/dist/fonts/KaTeX_Size3-Regular.ttf') format(\\"truetype\\")",
  "url('https://cdn.jsdelivr.net/npm/katex@0.10.0/dist/fonts/KaTeX_Size4-Regular.woff2') format(\\"woff2\\"), url('https://cdn.jsdelivr.net/npm/katex@0.10.0/dist/fonts/KaTeX_Size4-Regular.woff') format(\\"woff\\"), url('https://cdn.jsdelivr.net/npm/katex@0.10.0/dist/fonts/KaTeX_Size4-Regular.ttf') format(\\"truetype\\")",
  "url('https://cdn.jsdelivr.net/npm/katex@0.10.0/dist/fonts/KaTeX_Typewriter-Regular.woff2') format(\\"woff2\\"), url('https://cdn.jsdelivr.net/npm/katex@0.10.0/dist/fonts/KaTeX_Typewriter-Regular.woff') format(\\"woff\\"), url('https://cdn.jsdelivr.net/npm/katex@0.10.0/dist/fonts/KaTeX_Typewriter-Regular.ttf') format(\\"truetype\\")",
]
`;

exports[`Marp math option with katexFontPath as false does not replace KaTeX web font URL: katex-css-noops 1`] = `
Array [
  "url(fonts/KaTeX_AMS-Regular.woff2) format(\\"woff2\\"), url(fonts/KaTeX_AMS-Regular.woff) format(\\"woff\\"), url(fonts/KaTeX_AMS-Regular.ttf) format(\\"truetype\\")",
  "url(fonts/KaTeX_Caligraphic-Bold.woff2) format(\\"woff2\\"), url(fonts/KaTeX_Caligraphic-Bold.woff) format(\\"woff\\"), url(fonts/KaTeX_Caligraphic-Bold.ttf) format(\\"truetype\\")",
  "url(fonts/KaTeX_Caligraphic-Regular.woff2) format(\\"woff2\\"), url(fonts/KaTeX_Caligraphic-Regular.woff) format(\\"woff\\"), url(fonts/KaTeX_Caligraphic-Regular.ttf) format(\\"truetype\\")",
  "url(fonts/KaTeX_Fraktur-Bold.woff2) format(\\"woff2\\"), url(fonts/KaTeX_Fraktur-Bold.woff) format(\\"woff\\"), url(fonts/KaTeX_Fraktur-Bold.ttf) format(\\"truetype\\")",
  "url(fonts/KaTeX_Fraktur-Regular.woff2) format(\\"woff2\\"), url(fonts/KaTeX_Fraktur-Regular.woff) format(\\"woff\\"), url(fonts/KaTeX_Fraktur-Regular.ttf) format(\\"truetype\\")",
  "url(fonts/KaTeX_Main-Bold.woff2) format(\\"woff2\\"), url(fonts/KaTeX_Main-Bold.woff) format(\\"woff\\"), url(fonts/KaTeX_Main-Bold.ttf) format(\\"truetype\\")",
  "url(fonts/KaTeX_Main-BoldItalic.woff2) format(\\"woff2\\"), url(fonts/KaTeX_Main-BoldItalic.woff) format(\\"woff\\"), url(fonts/KaTeX_Main-BoldItalic.ttf) format(\\"truetype\\")",
  "url(fonts/KaTeX_Main-Italic.woff2) format(\\"woff2\\"), url(fonts/KaTeX_Main-Italic.woff) format(\\"woff\\"), url(fonts/KaTeX_Main-Italic.ttf) format(\\"truetype\\")",
  "url(fonts/KaTeX_Main-Regular.woff2) format(\\"woff2\\"), url(fonts/KaTeX_Main-Regular.woff) format(\\"woff\\"), url(fonts/KaTeX_Main-Regular.ttf) format(\\"truetype\\")",
  "url(fonts/KaTeX_Math-BoldItalic.woff2) format(\\"woff2\\"), url(fonts/KaTeX_Math-BoldItalic.woff) format(\\"woff\\"), url(fonts/KaTeX_Math-BoldItalic.ttf) format(\\"truetype\\")",
  "url(fonts/KaTeX_Math-Italic.woff2) format(\\"woff2\\"), url(fonts/KaTeX_Math-Italic.woff) format(\\"woff\\"), url(fonts/KaTeX_Math-Italic.ttf) format(\\"truetype\\")",
  "url(fonts/KaTeX_SansSerif-Bold.woff2) format(\\"woff2\\"), url(fonts/KaTeX_SansSerif-Bold.woff) format(\\"woff\\"), url(fonts/KaTeX_SansSerif-Bold.ttf) format(\\"truetype\\")",
  "url(fonts/KaTeX_SansSerif-Italic.woff2) format(\\"woff2\\"), url(fonts/KaTeX_SansSerif-Italic.woff) format(\\"woff\\"), url(fonts/KaTeX_SansSerif-Italic.ttf) format(\\"truetype\\")",
  "url(fonts/KaTeX_SansSerif-Regular.woff2) format(\\"woff2\\"), url(fonts/KaTeX_SansSerif-Regular.woff) format(\\"woff\\"), url(fonts/KaTeX_SansSerif-Regular.ttf) format(\\"truetype\\")",
  "url(fonts/KaTeX_Script-Regular.woff2) format(\\"woff2\\"), url(fonts/KaTeX_Script-Regular.woff) format(\\"woff\\"), url(fonts/KaTeX_Script-Regular.ttf) format(\\"truetype\\")",
  "url(fonts/KaTeX_Size1-Regular.woff2) format(\\"woff2\\"), url(fonts/KaTeX_Size1-Regular.woff) format(\\"woff\\"), url(fonts/KaTeX_Size1-Regular.ttf) format(\\"truetype\\")",
  "url(fonts/KaTeX_Size2-Regular.woff2) format(\\"woff2\\"), url(fonts/KaTeX_Size2-Regular.woff) format(\\"woff\\"), url(fonts/KaTeX_Size2-Regular.ttf) format(\\"truetype\\")",
  "url(fonts/KaTeX_Size3-Regular.woff2) format(\\"woff2\\"), url(fonts/KaTeX_Size3-Regular.woff) format(\\"woff\\"), url(fonts/KaTeX_Size3-Regular.ttf) format(\\"truetype\\")",
  "url(fonts/KaTeX_Size4-Regular.woff2) format(\\"woff2\\"), url(fonts/KaTeX_Size4-Regular.woff) format(\\"woff\\"), url(fonts/KaTeX_Size4-Regular.ttf) format(\\"truetype\\")",
  "url(fonts/KaTeX_Typewriter-Regular.woff2) format(\\"woff2\\"), url(fonts/KaTeX_Typewriter-Regular.woff) format(\\"woff\\"), url(fonts/KaTeX_Typewriter-Regular.ttf) format(\\"truetype\\")",
]
`;

exports[`Marp math option with katexFontPath replaces KaTeX web font URL with specified path: katex-css-replace 1`] = `
Array [
  "url('/resources/fonts/KaTeX_AMS-Regular.woff2') format(\\"woff2\\"), url('/resources/fonts/KaTeX_AMS-Regular.woff') format(\\"woff\\"), url('/resources/fonts/KaTeX_AMS-Regular.ttf') format(\\"truetype\\")",
  "url('/resources/fonts/KaTeX_Caligraphic-Bold.woff2') format(\\"woff2\\"), url('/resources/fonts/KaTeX_Caligraphic-Bold.woff') format(\\"woff\\"), url('/resources/fonts/KaTeX_Caligraphic-Bold.ttf') format(\\"truetype\\")",
  "url('/resources/fonts/KaTeX_Caligraphic-Regular.woff2') format(\\"woff2\\"), url('/resources/fonts/KaTeX_Caligraphic-Regular.woff') format(\\"woff\\"), url('/resources/fonts/KaTeX_Caligraphic-Regular.ttf') format(\\"truetype\\")",
  "url('/resources/fonts/KaTeX_Fraktur-Bold.woff2') format(\\"woff2\\"), url('/resources/fonts/KaTeX_Fraktur-Bold.woff') format(\\"woff\\"), url('/resources/fonts/KaTeX_Fraktur-Bold.ttf') format(\\"truetype\\")",
  "url('/resources/fonts/KaTeX_Fraktur-Regular.woff2') format(\\"woff2\\"), url('/resources/fonts/KaTeX_Fraktur-Regular.woff') format(\\"woff\\"), url('/resources/fonts/KaTeX_Fraktur-Regular.ttf') format(\\"truetype\\")",
  "url('/resources/fonts/KaTeX_Main-Bold.woff2') format(\\"woff2\\"), url('/resources/fonts/KaTeX_Main-Bold.woff') format(\\"woff\\"), url('/resources/fonts/KaTeX_Main-Bold.ttf') format(\\"truetype\\")",
  "url('/resources/fonts/KaTeX_Main-BoldItalic.woff2') format(\\"woff2\\"), url('/resources/fonts/KaTeX_Main-BoldItalic.woff') format(\\"woff\\"), url('/resources/fonts/KaTeX_Main-BoldItalic.ttf') format(\\"truetype\\")",
  "url('/resources/fonts/KaTeX_Main-Italic.woff2') format(\\"woff2\\"), url('/resources/fonts/KaTeX_Main-Italic.woff') format(\\"woff\\"), url('/resources/fonts/KaTeX_Main-Italic.ttf') format(\\"truetype\\")",
  "url('/resources/fonts/KaTeX_Main-Regular.woff2') format(\\"woff2\\"), url('/resources/fonts/KaTeX_Main-Regular.woff') format(\\"woff\\"), url('/resources/fonts/KaTeX_Main-Regular.ttf') format(\\"truetype\\")",
  "url('/resources/fonts/KaTeX_Math-BoldItalic.woff2') format(\\"woff2\\"), url('/resources/fonts/KaTeX_Math-BoldItalic.woff') format(\\"woff\\"), url('/resources/fonts/KaTeX_Math-BoldItalic.ttf') format(\\"truetype\\")",
  "url('/resources/fonts/KaTeX_Math-Italic.woff2') format(\\"woff2\\"), url('/resources/fonts/KaTeX_Math-Italic.woff') format(\\"woff\\"), url('/resources/fonts/KaTeX_Math-Italic.ttf') format(\\"truetype\\")",
  "url('/resources/fonts/KaTeX_SansSerif-Bold.woff2') format(\\"woff2\\"), url('/resources/fonts/KaTeX_SansSerif-Bold.woff') format(\\"woff\\"), url('/resources/fonts/KaTeX_SansSerif-Bold.ttf') format(\\"truetype\\")",
  "url('/resources/fonts/KaTeX_SansSerif-Italic.woff2') format(\\"woff2\\"), url('/resources/fonts/KaTeX_SansSerif-Italic.woff') format(\\"woff\\"), url('/resources/fonts/KaTeX_SansSerif-Italic.ttf') format(\\"truetype\\")",
  "url('/resources/fonts/KaTeX_SansSerif-Regular.woff2') format(\\"woff2\\"), url('/resources/fonts/KaTeX_SansSerif-Regular.woff') format(\\"woff\\"), url('/resources/fonts/KaTeX_SansSerif-Regular.ttf') format(\\"truetype\\")",
  "url('/resources/fonts/KaTeX_Script-Regular.woff2') format(\\"woff2\\"), url('/resources/fonts/KaTeX_Script-Regular.woff') format(\\"woff\\"), url('/resources/fonts/KaTeX_Script-Regular.ttf') format(\\"truetype\\")",
  "url('/resources/fonts/KaTeX_Size1-Regular.woff2') format(\\"woff2\\"), url('/resources/fonts/KaTeX_Size1-Regular.woff') format(\\"woff\\"), url('/resources/fonts/KaTeX_Size1-Regular.ttf') format(\\"truetype\\")",
  "url('/resources/fonts/KaTeX_Size2-Regular.woff2') format(\\"woff2\\"), url('/resources/fonts/KaTeX_Size2-Regular.woff') format(\\"woff\\"), url('/resources/fonts/KaTeX_Size2-Regular.ttf') format(\\"truetype\\")",
  "url('/resources/fonts/KaTeX_Size3-Regular.woff2') format(\\"woff2\\"), url('/resources/fonts/KaTeX_Size3-Regular.woff') format(\\"woff\\"), url('/resources/fonts/KaTeX_Size3-Regular.ttf') format(\\"truetype\\")",
  "url('/resources/fonts/KaTeX_Size4-Regular.woff2') format(\\"woff2\\"), url('/resources/fonts/KaTeX_Size4-Regular.woff') format(\\"woff\\"), url('/resources/fonts/KaTeX_Size4-Regular.ttf') format(\\"truetype\\")",
  "url('/resources/fonts/KaTeX_Typewriter-Regular.woff2') format(\\"woff2\\"), url('/resources/fonts/KaTeX_Typewriter-Regular.woff') format(\\"woff\\"), url('/resources/fonts/KaTeX_Typewriter-Regular.ttf') format(\\"truetype\\")",
]
`;
